src/screens/SettingsScreen.tsx(761,11): error TS17002: Expected corresponding JSX closing tag for 'Modal'.
